// Jest Snapshot v1, https://goo.gl/fbAQLP

exports[`it returns all items with matching Id 1`] = `
Array [
  Object {
    "ItemName": "Razors",
    "Stock": 10,
    "id": "1",
  },
]
`;

exports[`it returns all items with matching Item Name 1`] = `
Array [
  Object {
    "ItemName": "Socks",
    "Stock": 1,
    "id": "2",
  },
  Object {
    "ItemName": "Socks",
    "Stock": 100,
    "id": "4",
  },
]
`;
